---
source: crates/epw/src/lib.rs
expression: "&epw"
---
{
  "ts": [
    "2016-01-01T00:00:00",
    "2016-01-01T01:00:00",
    "2016-01-01T02:00:00",
    "2016-01-01T03:00:00",
    "2016-01-01T04:00:00",
    "2016-01-01T05:00:00",
    "2016-01-01T06:00:00",
    "2016-01-01T07:00:00",
    "2016-01-01T08:00:00",
    "2016-01-01T09:00:00",
    "2016-01-01T10:00:00",
    "2016-01-01T11:00:00",
    "2016-01-01T12:00:00",
    "2016-01-01T13:00:00",
    "2016-01-01T14:00:00",
    "2016-01-01T15:00:00",
    "2016-01-01T16:00:00",
    "2016-01-01T17:00:00",
    "2016-01-01T18:00:00",
    "2016-01-01T19:00:00",
    "2016-01-01T20:00:00",
    "2016-01-01T21:00:00",
    "2016-01-01T22:00:00",
    "2016-01-01T23:00:00",
    "2016-01-02T00:00:00",
    "2016-01-02T01:00:00",
    "2016-01-02T02:00:00",
    "2016-01-02T03:00:00",
    "2016-01-02T04:00:00",
    "2016-01-02T05:00:00",
    "2016-01-02T06:00:00",
    "2016-01-02T07:00:00",
    "2016-01-02T08:00:00",
    "2016-01-02T09:00:00",
    "2016-01-02T10:00:00",
    "2016-01-02T11:00:00",
    "2016-01-02T12:00:00",
    "2016-01-02T13:00:00",
    "2016-01-02T14:00:00",
    "2016-01-02T15:00:00",
    "2016-01-02T16:00:00",
    "2016-01-02T17:00:00",
    "2016-01-02T18:00:00",
    "2016-01-02T19:00:00",
    "2016-01-02T20:00:00",
    "2016-01-02T21:00:00",
    "2016-01-02T22:00:00",
    "2016-01-02T23:00:00",
    "2016-01-03T00:00:00",
    "2016-01-03T01:00:00",
    "2016-01-03T02:00:00",
    "2016-01-03T03:00:00",
    "2016-01-03T04:00:00",
    "2016-01-03T05:00:00",
    "2016-01-03T06:00:00",
    "2016-01-03T07:00:00",
    "2016-01-03T08:00:00",
    "2016-01-03T09:00:00",
    "2016-01-03T10:00:00",
    "2016-01-03T11:00:00",
    "2016-01-03T12:00:00",
    "2016-01-03T13:00:00",
    "2016-01-03T14:00:00",
    "2016-01-03T15:00:00",
    "2016-01-03T16:00:00",
    "2016-01-03T17:00:00",
    "2016-01-03T18:00:00",
    "2016-01-03T19:00:00",
    "2016-01-03T20:00:00",
    "2016-01-03T21:00:00",
    "2016-01-03T22:00:00",
    "2016-01-03T23:00:00",
    "2016-01-04T00:00:00",
    "2016-01-04T01:00:00",
    "2016-01-04T02:00:00",
    "2016-01-04T03:00:00",
    "2016-01-04T04:00:00",
    "2016-01-04T05:00:00",
    "2016-01-04T06:00:00",
    "2016-01-04T07:00:00",
    "2016-01-04T08:00:00",
    "2016-01-04T09:00:00",
    "2016-01-04T10:00:00",
    "2016-01-04T11:00:00",
    "2016-01-04T12:00:00",
    "2016-01-04T13:00:00",
    "2016-01-04T14:00:00",
    "2016-01-04T15:00:00",
    "2016-01-04T16:00:00",
    "2016-01-04T17:00:00",
    "2016-01-04T18:00:00",
    "2016-01-04T19:00:00",
    "2016-01-04T20:00:00",
    "2016-01-04T21:00:00",
    "2016-01-04T22:00:00",
    "2016-01-04T23:00:00",
    "2016-01-05T00:00:00",
    "2016-01-05T01:00:00",
    "2016-01-05T02:00:00",
    "2016-01-05T03:00:00",
    "2016-01-05T04:00:00",
    "2016-01-05T05:00:00",
    "2016-01-05T06:00:00",
    "2016-01-05T07:00:00",
    "2016-01-05T08:00:00",
    "2016-01-05T09:00:00",
    "2016-01-05T10:00:00",
    "2016-01-05T11:00:00",
    "2016-01-05T12:00:00",
    "2016-01-05T13:00:00",
    "2016-01-05T14:00:00",
    "2016-01-05T15:00:00",
    "2016-01-05T16:00:00",
    "2016-01-05T17:00:00",
    "2016-01-05T18:00:00",
    "2016-01-05T19:00:00",
    "2016-01-05T20:00:00",
    "2016-01-05T21:00:00",
    "2016-01-05T22:00:00",
    "2016-01-05T23:00:00",
    "2016-01-06T00:00:00",
    "2016-01-06T01:00:00",
    "2016-01-06T02:00:00",
    "2016-01-06T03:00:00",
    "2016-01-06T04:00:00",
    "2016-01-06T05:00:00",
    "2016-01-06T06:00:00",
    "2016-01-06T07:00:00",
    "2016-01-06T08:00:00",
    "2016-01-06T09:00:00",
    "2016-01-06T10:00:00",
    "2016-01-06T11:00:00",
    "2016-01-06T12:00:00",
    "2016-01-06T13:00:00",
    "2016-01-06T14:00:00",
    "2016-01-06T15:00:00",
    "2016-01-06T16:00:00",
    "2016-01-06T17:00:00",
    "2016-01-06T18:00:00",
    "2016-01-06T19:00:00",
    "2016-01-06T20:00:00",
    "2016-01-06T21:00:00",
    "2016-01-06T22:00:00",
    "2016-01-06T23:00:00",
    "2016-01-07T00:00:00",
    "2016-01-07T01:00:00",
    "2016-01-07T02:00:00",
    "2016-01-07T03:00:00",
    "2016-01-07T04:00:00",
    "2016-01-07T05:00:00",
    "2016-01-07T06:00:00",
    "2016-01-07T07:00:00",
    "2016-01-07T08:00:00",
    "2016-01-07T09:00:00",
    "2016-01-07T10:00:00",
    "2016-01-07T11:00:00",
    "2016-01-07T12:00:00",
    "2016-01-07T13:00:00",
    "2016-01-07T14:00:00",
    "2016-01-07T15:00:00",
    "2016-01-07T16:00:00",
    "2016-01-07T17:00:00",
    "2016-01-07T18:00:00",
    "2016-01-07T19:00:00",
    "2016-01-07T20:00:00",
    "2016-01-07T21:00:00",
    "2016-01-07T22:00:00",
    "2016-01-07T23:00:00",
    "2016-01-08T00:00:00",
    "2016-01-08T01:00:00",
    "2016-01-08T02:00:00",
    "2016-01-08T03:00:00",
    "2016-01-08T04:00:00",
    "2016-01-08T05:00:00",
    "2016-01-08T06:00:00",
    "2016-01-08T07:00:00",
    "2016-01-08T08:00:00",
    "2016-01-08T09:00:00",
    "2016-01-08T10:00:00",
    "2016-01-08T11:00:00",
    "2016-01-08T12:00:00",
    "2016-01-08T13:00:00",
    "2016-01-08T14:00:00",
    "2016-01-08T15:00:00",
    "2016-01-08T16:00:00",
    "2016-01-08T17:00:00",
    "2016-01-08T18:00:00",
    "2016-01-08T19:00:00",
    "2016-01-08T20:00:00",
    "2016-01-08T21:00:00",
    "2016-01-08T22:00:00",
    "2016-01-08T23:00:00",
    "2016-01-09T00:00:00",
    "2016-01-09T01:00:00",
    "2016-01-09T02:00:00",
    "2016-01-09T03:00:00",
    "2016-01-09T04:00:00",
    "2016-01-09T05:00:00",
    "2016-01-09T06:00:00",
    "2016-01-09T07:00:00",
    "2016-01-09T08:00:00",
    "2016-01-09T09:00:00",
    "2016-01-09T10:00:00",
    "2016-01-09T11:00:00",
    "2016-01-09T12:00:00",
    "2016-01-09T13:00:00",
    "2016-01-09T14:00:00",
    "2016-01-09T15:00:00",
    "2016-01-09T16:00:00",
    "2016-01-09T17:00:00",
    "2016-01-09T18:00:00",
    "2016-01-09T19:00:00",
    "2016-01-09T20:00:00",
    "2016-01-09T21:00:00",
    "2016-01-09T22:00:00",
    "2016-01-09T23:00:00",
    "2016-01-10T00:00:00",
    "2016-01-10T01:00:00",
    "2016-01-10T02:00:00",
    "2016-01-10T03:00:00",
    "2016-01-10T04:00:00",
    "2016-01-10T05:00:00",
    "2016-01-10T06:00:00",
    "2016-01-10T07:00:00",
    "2016-01-10T08:00:00",
    "2016-01-10T09:00:00",
    "2016-01-10T10:00:00",
    "2016-01-10T11:00:00",
    "2016-01-10T12:00:00",
    "2016-01-10T13:00:00",
    "2016-01-10T14:00:00",
    "2016-01-10T15:00:00",
    "2016-01-10T16:00:00",
    "2016-01-10T17:00:00",
    "2016-01-10T18:00:00",
    "2016-01-10T19:00:00",
    "2016-01-10T20:00:00",
    "2016-01-10T21:00:00",
    "2016-01-10T22:00:00",
    "2016-01-10T23:00:00",
    "2016-01-11T00:00:00",
    "2016-01-11T01:00:00",
    "2016-01-11T02:00:00",
    "2016-01-11T03:00:00",
    "2016-01-11T04:00:00",
    "2016-01-11T05:00:00",
    "2016-01-11T06:00:00",
    "2016-01-11T07:00:00",
    "2016-01-11T08:00:00",
    "2016-01-11T09:00:00",
    "2016-01-11T10:00:00",
    "2016-01-11T11:00:00",
    "2016-01-11T12:00:00",
    "2016-01-11T13:00:00",
    "2016-01-11T14:00:00",
    "2016-01-11T15:00:00",
    "2016-01-11T16:00:00",
    "2016-01-11T17:00:00",
    "2016-01-11T18:00:00",
    "2016-01-11T19:00:00",
    "2016-01-11T20:00:00",
    "2016-01-11T21:00:00",
    "2016-01-11T22:00:00",
    "2016-01-11T23:00:00",
    "2016-01-12T00:00:00",
    "2016-01-12T01:00:00",
    "2016-01-12T02:00:00",
    "2016-01-12T03:00:00",
    "2016-01-12T04:00:00",
    "2016-01-12T05:00:00",
    "2016-01-12T06:00:00",
    "2016-01-12T07:00:00",
    "2016-01-12T08:00:00",
    "2016-01-12T09:00:00",
    "2016-01-12T10:00:00",
    "2016-01-12T11:00:00",
    "2016-01-12T12:00:00",
    "2016-01-12T13:00:00",
    "2016-01-12T14:00:00",
    "2016-01-12T15:00:00",
    "2016-01-12T16:00:00",
    "2016-01-12T17:00:00",
    "2016-01-12T18:00:00",
    "2016-01-12T19:00:00",
    "2016-01-12T20:00:00",
    "2016-01-12T21:00:00",
    "2016-01-12T22:00:00",
    "2016-01-12T23:00:00",
    "2016-01-13T00:00:00",
    "2016-01-13T01:00:00",
    "2016-01-13T02:00:00",
    "2016-01-13T03:00:00",
    "2016-01-13T04:00:00",
    "2016-01-13T05:00:00",
    "2016-01-13T06:00:00",
    "2016-01-13T07:00:00",
    "2016-01-13T08:00:00",
    "2016-01-13T09:00:00",
    "2016-01-13T10:00:00",
    "2016-01-13T11:00:00",
    "2016-01-13T12:00:00",
    "2016-01-13T13:00:00",
    "2016-01-13T14:00:00",
    "2016-01-13T15:00:00",
    "2016-01-13T16:00:00",
    "2016-01-13T17:00:00",
    "2016-01-13T18:00:00",
    "2016-01-13T19:00:00",
    "2016-01-13T20:00:00",
    "2016-01-13T21:00:00",
    "2016-01-13T22:00:00",
    "2016-01-13T23:00:00",
    "2016-01-14T00:00:00",
    "2016-01-14T01:00:00",
    "2016-01-14T02:00:00",
    "2016-01-14T03:00:00",
    "2016-01-14T04:00:00",
    "2016-01-14T05:00:00",
    "2016-01-14T06:00:00",
    "2016-01-14T07:00:00",
    "2016-01-14T08:00:00",
    "2016-01-14T09:00:00",
    "2016-01-14T10:00:00",
    "2016-01-14T11:00:00",
    "2016-01-14T12:00:00",
    "2016-01-14T13:00:00",
    "2016-01-14T14:00:00",
    "2016-01-14T15:00:00",
    "2016-01-14T16:00:00",
    "2016-01-14T17:00:00",
    "2016-01-14T18:00:00",
    "2016-01-14T19:00:00",
    "2016-01-14T20:00:00",
    "2016-01-14T21:00:00",
    "2016-01-14T22:00:00",
    "2016-01-14T23:00:00",
    "2016-01-15T00:00:00",
    "2016-01-15T01:00:00",
    "2016-01-15T02:00:00",
    "2016-01-15T03:00:00",
    "2016-01-15T04:00:00",
    "2016-01-15T05:00:00",
    "2016-01-15T06:00:00",
    "2016-01-15T07:00:00",
    "2016-01-15T08:00:00",
    "2016-01-15T09:00:00",
    "2016-01-15T10:00:00",
    "2016-01-15T11:00:00",
    "2016-01-15T12:00:00",
    "2016-01-15T13:00:00",
    "2016-01-15T14:00:00",
    "2016-01-15T15:00:00",
    "2016-01-15T16:00:00",
    "2016-01-15T17:00:00",
    "2016-01-15T18:00:00",
    "2016-01-15T19:00:00",
    "2016-01-15T20:00:00",
    "2016-01-15T21:00:00",
    "2016-01-15T22:00:00",
    "2016-01-15T23:00:00",
    "2016-01-16T00:00:00",
    "2016-01-16T01:00:00",
    "2016-01-16T02:00:00",
    "2016-01-16T03:00:00",
    "2016-01-16T04:00:00",
    "2016-01-16T05:00:00",
    "2016-01-16T06:00:00",
    "2016-01-16T07:00:00",
    "2016-01-16T08:00:00",
    "2016-01-16T09:00:00",
    "2016-01-16T10:00:00",
    "2016-01-16T11:00:00",
    "2016-01-16T12:00:00",
    "2016-01-16T13:00:00",
    "2016-01-16T14:00:00",
    "2016-01-16T15:00:00",
    "2016-01-16T16:00:00",
    "2016-01-16T17:00:00",
    "2016-01-16T18:00:00",
    "2016-01-16T19:00:00",
    "2016-01-16T20:00:00",
    "2016-01-16T21:00:00",
    "2016-01-16T22:00:00",
    "2016-01-16T23:00:00",
    "2016-01-17T00:00:00",
    "2016-01-17T01:00:00",
    "2016-01-17T02:00:00",
    "2016-01-17T03:00:00",
    "2016-01-17T04:00:00",
    "2016-01-17T05:00:00",
    "2016-01-17T06:00:00",
    "2016-01-17T07:00:00",
    "2016-01-17T08:00:00",
    "2016-01-17T09:00:00",
    "2016-01-17T10:00:00",
    "2016-01-17T11:00:00",
    "2016-01-17T12:00:00",
    "2016-01-17T13:00:00",
    "2016-01-17T14:00:00",
    "2016-01-17T15:00:00",
    "2016-01-17T16:00:00",
    "2016-01-17T17:00:00",
    "2016-01-17T18:00:00",
    "2016-01-17T19:00:00",
    "2016-01-17T20:00:00",
    "2016-01-17T21:00:00",
    "2016-01-17T22:00:00",
    "2016-01-17T23:00:00",
    "2016-01-18T00:00:00",
    "2016-01-18T01:00:00",
    "2016-01-18T02:00:00",
    "2016-01-18T03:00:00",
    "2016-01-18T04:00:00",
    "2016-01-18T05:00:00",
    "2016-01-18T06:00:00",
    "2016-01-18T07:00:00",
    "2016-01-18T08:00:00",
    "2016-01-18T09:00:00",
    "2016-01-18T10:00:00",
    "2016-01-18T11:00:00",
    "2016-01-18T12:00:00",
    "2016-01-18T13:00:00",
    "2016-01-18T14:00:00",
    "2016-01-18T15:00:00",
    "2016-01-18T16:00:00",
    "2016-01-18T17:00:00",
    "2016-01-18T18:00:00",
    "2016-01-18T19:00:00",
    "2016-01-18T20:00:00",
    "2016-01-18T21:00:00",
    "2016-01-18T22:00:00",
    "2016-01-18T23:00:00",
    "2016-01-19T00:00:00",
    "2016-01-19T01:00:00",
    "2016-01-19T02:00:00",
    "2016-01-19T03:00:00",
    "2016-01-19T04:00:00",
    "2016-01-19T05:00:00",
    "2016-01-19T06:00:00",
    "2016-01-19T07:00:00",
    "2016-01-19T08:00:00",
    "2016-01-19T09:00:00",
    "2016-01-19T10:00:00",
    "2016-01-19T11:00:00",
    "2016-01-19T12:00:00",
    "2016-01-19T13:00:00",
    "2016-01-19T14:00:00",
    "2016-01-19T15:00:00",
    "2016-01-19T16:00:00",
    "2016-01-19T17:00:00",
    "2016-01-19T18:00:00",
    "2016-01-19T19:00:00",
    "2016-01-19T20:00:00",
    "2016-01-19T21:00:00",
    "2016-01-19T22:00:00",
    "2016-01-19T23:00:00",
    "2016-01-20T00:00:00",
    "2016-01-20T01:00:00",
    "2016-01-20T02:00:00",
    "2016-01-20T03:00:00",
    "2016-01-20T04:00:00",
    "2016-01-20T05:00:00",
    "2016-01-20T06:00:00",
    "2016-01-20T07:00:00",
    "2016-01-20T08:00:00",
    "2016-01-20T09:00:00",
    "2016-01-20T10:00:00",
    "2016-01-20T11:00:00",
    "2016-01-20T12:00:00",
    "2016-01-20T13:00:00",
    "2016-01-20T14:00:00",
    "2016-01-20T15:00:00",
    "2016-01-20T16:00:00",
    "2016-01-20T17:00:00",
    "2016-01-20T18:00:00",
    "2016-01-20T19:00:00",
    "2016-01-20T20:00:00",
    "2016-01-20T21:00:00",
    "2016-01-20T22:00:00",
    "2016-01-20T23:00:00",
    "2016-01-21T00:00:00",
    "2016-01-21T01:00:00",
    "2016-01-21T02:00:00",
    "2016-01-21T03:00:00",
    "2016-01-21T04:00:00",
    "2016-01-21T05:00:00",
    "2016-01-21T06:00:00",
    "2016-01-21T07:00:00",
    "2016-01-21T08:00:00",
    "2016-01-21T09:00:00",
    "2016-01-21T10:00:00",
    "2016-01-21T11:00:00",
    "2016-01-21T12:00:00",
    "2016-01-21T13:00:00",
    "2016-01-21T14:00:00",
    "2016-01-21T15:00:00",
    "2016-01-21T16:00:00",
    "2016-01-21T17:00:00",
    "2016-01-21T18:00:00",
    "2016-01-21T19:00:00",
    "2016-01-21T20:00:00",
    "2016-01-21T21:00:00",
    "2016-01-21T22:00:00",
    "2016-01-21T23:00:00",
    "2016-01-22T00:00:00",
    "2016-01-22T01:00:00",
    "2016-01-22T02:00:00",
    "2016-01-22T03:00:00",
    "2016-01-22T04:00:00",
    "2016-01-22T05:00:00",
    "2016-01-22T06:00:00",
    "2016-01-22T07:00:00",
    "2016-01-22T08:00:00",
    "2016-01-22T09:00:00",
    "2016-01-22T10:00:00",
    "2016-01-22T11:00:00",
    "2016-01-22T12:00:00",
    "2016-01-22T13:00:00",
    "2016-01-22T14:00:00",
    "2016-01-22T15:00:00",
    "2016-01-22T16:00:00",
    "2016-01-22T17:00:00",
    "2016-01-22T18:00:00",
    "2016-01-22T19:00:00",
    "2016-01-22T20:00:00",
    "2016-01-22T21:00:00",
    "2016-01-22T22:00:00",
    "2016-01-22T23:00:00",
    "2016-01-23T00:00:00"
  ],
  "wind_speed": [
    0.0,
    1.5,
    1.0,
    1.5,
    1.0,
    0.5,
    1.5,
    1.0,
    1.0,
    1.0,
    1.0,
    2.6,
    2.1,
    2.1,
    2.1,
    2.1,
    2.1,
    1.5,
    1.0,
    1.0,
    1.0,
    0.0,
    1.0,
    1.5,
    0.5,
    1.0,
    1.5,
    1.0,
    1.0,
    1.5,
    0.5,
    1.5,
    1.5,
    0.0,
    2.1,
    1.0,
    1.5,
    2.6,
    0.5,
    0.5,
    1.5,
    1.5,
    1.5,
    2.1,
    3.1,
    3.1,
    1.0,
    3.1,
    2.1,
    2.1,
    1.0,
    1.5,
    1.0,
    1.0,
    1.0,
    1.5,
    3.6,
    1.5,
    1.5,
    2.1,
    1.5,
    2.1,
    2.1,
    1.0,
    1.0,
    1.0,
    1.0,
    1.5,
    2.1,
    1.0,
    1.0,
    1.0,
    1.0,
    0.5,
    1.0,
    0.0,
    2.1,
    0.0,
    1.5,
    0.5,
    0.5,
    0.5,
    0.5,
    1.0,
    3.1,
    1.5,
    2.1,
    2.6,
    2.1,
    1.5,
    1.5,
    2.6,
    3.1,
    2.6,
    3.1,
    2.1,
    2.1,
    1.0,
    1.5,
    1.0,
    1.5,
    2.1,
    1.5,
    0.5,
    1.0,
    0.0,
    2.1,
    1.5,
    1.0,
    1.0,
    2.6,
    2.1,
    3.1,
    1.5,
    0.0,
    2.6,
    0.0,
    1.5,
    3.1,
    2.6,
    1.0,
    1.5,
    0.5,
    1.5,
    1.5,
    0.0,
    1.5,
    1.5,
    2.6,
    1.5,
    1.0,
    1.5,
    1.0,
    0.5,
    1.0,
    3.6,
    3.6,
    2.6,
    1.5,
    2.1,
    2.6,
    2.1,
    2.6,
    1.5,
    1.0,
    0.5,
    0.5,
    3.1,
    3.6,
    2.1,
    3.1,
    2.1,
    2.1,
    1.5,
    1.0,
    0.5,
    1.5,
    2.1,
    1.0,
    0.0,
    0.5,
    1.0,
    1.0,
    1.5,
    2.1,
    1.5,
    2.1,
    0.5,
    0.0,
    3.1,
    1.0,
    2.1,
    3.1,
    1.5,
    3.1,
    3.1,
    1.5,
    1.0,
    2.6,
    1.0,
    1.0,
    1.5,
    1.5,
    0.5,
    2.1,
    2.6,
    1.0,
    1.5,
    1.5,
    1.0,
    1.0,
    0.0,
    1.5,
    1.5,
    1.0,
    1.0,
    0.5,
    0.5,
    1.0,
    1.5,
    0.0,
    0.0,
    0.5,
    1.5,
    0.5,
    0.5,
    0.5,
    1.0,
    0.5,
    2.1,
    1.5,
    1.5,
    2.1,
    2.1,
    2.6,
    0.5,
    1.5,
    0.5,
    2.6,
    1.0,
    1.0,
    1.5,
    1.5,
    1.5,
    3.6,
    2.1,
    1.0,
    2.1,
    1.5,
    1.0,
    2.1,
    2.1,
    2.6,
    2.1,
    1.0,
    2.6,
    1.5,
    1.0,
    0.5,
    0.0,
    2.6,
    1.0,
    1.0,
    4.1,
    2.6,
    0.5,
    1.5,
    1.0,
    2.1,
    1.0,
    1.5,
    2.6,
    1.5,
    1.5,
    3.1,
    2.6,
    3.1,
    0.5,
    4.1,
    3.6,
    4.1,
    3.1,
    3.1,
    3.1,
    2.6,
    2.1,
    2.1,
    1.0,
    1.5,
    1.0,
    2.6,
    1.5,
    3.1,
    1.0,
    2.1,
    3.1,
    2.1,
    3.6,
    6.2,
    5.7,
    4.6,
    2.6,
    4.1,
    2.1,
    1.5,
    3.6,
    2.6,
    2.6,
    3.1,
    2.6,
    2.1,
    2.1,
    3.6,
    3.1,
    2.6,
    4.6,
    3.1,
    4.6,
    4.6,
    7.2,
    8.2,
    8.7,
    9.3,
    8.8,
    7.2,
    6.2,
    3.6,
    3.6,
    3.6,
    4.1,
    5.1,
    4.1,
    4.1,
    2.6,
    3.1,
    3.1,
    4.1,
    1.5,
    2.6,
    2.6,
    2.6,
    3.6,
    2.6,
    1.5,
    4.1,
    3.6,
    2.6,
    1.5,
    1.5,
    1.0,
    0.5,
    0.5,
    1.5,
    1.5,
    1.5,
    1.5,
    1.5,
    2.1,
    1.5,
    1.5,
    2.1,
    3.6,
    2.1,
    2.6,
    2.1,
    1.5,
    1.5,
    4.1,
    5.7,
    4.6,
    5.1,
    5.7,
    6.7,
    4.1,
    1.5,
    2.6,
    2.1,
    1.5,
    0.5,
    3.1,
    1.5,
    0.5,
    3.1,
    2.1,
    2.6,
    2.6,
    1.5,
    3.6,
    3.6,
    2.6,
    2.1,
    2.1,
    3.1,
    4.1,
    3.6,
    3.6,
    5.1,
    4.6,
    4.1,
    3.1,
    3.1,
    3.6,
    3.1,
    3.6,
    3.6,
    4.1,
    2.6,
    5.1,
    4.1,
    3.1,
    3.6,
    3.6,
    5.1,
    4.6,
    5.1,
    6.7,
    8.2,
    8.8,
    7.2,
    6.2,
    6.2,
    5.7,
    4.6,
    4.6,
    1.5,
    4.1,
    4.1,
    4.6,
    2.1,
    3.6,
    4.1,
    2.6,
    2.1,
    2.1,
    3.1,
    3.1,
    1.5,
    2.1,
    1.0,
    2.1,
    2.1,
    2.1,
    2.1,
    2.1,
    1.5,
    1.5,
    0.0,
    0.5,
    1.5,
    1.5,
    2.1,
    2.1,
    2.6,
    1.5,
    2.1,
    1.5,
    2.1,
    2.1,
    2.6,
    2.6,
    2.1,
    1.5,
    1.5,
    1.0,
    1.5,
    2.1,
    2.1,
    2.1,
    2.1,
    1.5,
    1.0,
    1.5,
    0.0,
    2.6,
    2.1,
    1.5,
    2.1,
    1.5,
    2.1,
    1.5,
    1.5,
    2.1,
    2.1,
    1.5,
    2.1,
    1.5,
    0.5,
    2.1,
    2.1,
    2.6,
    2.1,
    2.6,
    3.6,
    1.0,
    0.0,
    0.5,
    1.5,
    1.5,
    0.5,
    2.6,
    2.1,
    2.1,
    2.1,
    1.5,
    2.1,
    2.6,
    2.6,
    2.6,
    2.1,
    1.5,
    0.5,
    2.6,
    2.6,
    2.1,
    2.6,
    2.6,
    2.1,
    1.5,
    1.5,
    3.1,
    1.5,
    3.1,
    2.1,
    2.1,
    2.6,
    3.1,
    2.6,
    2.6,
    2.6,
    2.6,
    1.5,
    2.1,
    1.5,
    1.5,
    1.0,
    1.0,
    1.0,
    1.5,
    1.5,
    1.5,
    2.1,
    1.5,
    1.0,
    2.1,
    1.0,
    1.5,
    2.1,
    2.1,
    2.1
  ],
  "wind_dir": [
    39.0,
    70.0,
    30.0,
    350.0,
    30.0,
    360.0,
    20.0,
    20.0,
    342.0,
    355.0,
    20.0,
    250.0,
    210.0,
    220.0,
    220.0,
    210.0,
    220.0,
    160.0,
    71.0,
    260.0,
    44.0,
    58.0,
    50.0,
    290.0,
    36.0,
    110.0,
    210.0,
    100.0,
    310.0,
    20.0,
    44.0,
    100.0,
    90.0,
    93.0,
    60.0,
    61.0,
    100.0,
    160.0,
    116.0,
    83.0,
    360.0,
    327.0,
    260.0,
    270.0,
    260.0,
    260.0,
    190.0,
    260.0,
    290.0,
    270.0,
    300.0,
    290.0,
    310.0,
    333.0,
    340.0,
    290.0,
    270.0,
    200.0,
    250.0,
    110.0,
    170.0,
    50.0,
    80.0,
    60.0,
    80.0,
    131.0,
    20.0,
    60.0,
    230.0,
    40.0,
    90.0,
    86.0,
    74.0,
    50.0,
    96.0,
    98.0,
    10.0,
    99.0,
    10.0,
    20.0,
    30.0,
    248.0,
    50.0,
    208.0,
    260.0,
    280.0,
    230.0,
    270.0,
    300.0,
    200.0,
    260.0,
    210.0,
    220.0,
    220.0,
    270.0,
    300.0,
    210.0,
    60.0,
    160.0,
    29.0,
    320.0,
    330.0,
    180.0,
    290.0,
    30.0,
    70.0,
    120.0,
    100.0,
    346.0,
    230.0,
    290.0,
    250.0,
    210.0,
    190.0,
    220.0,
    210.0,
    22.0,
    310.0,
    350.0,
    240.0,
    7.0,
    270.0,
    344.0,
    339.0,
    60.0,
    5.0,
    20.0,
    30.0,
    350.0,
    100.0,
    80.0,
    150.0,
    261.0,
    180.0,
    237.0,
    250.0,
    250.0,
    260.0,
    307.0,
    10.0,
    330.0,
    330.0,
    310.0,
    270.0,
    300.0,
    10.0,
    40.0,
    20.0,
    10.0,
    360.0,
    40.0,
    10.0,
    10.0,
    10.0,
    110.0,
    28.0,
    130.0,
    130.0,
    334.0,
    334.0,
    260.0,
    357.0,
    190.0,
    70.0,
    10.0,
    350.0,
    40.0,
    352.0,
    348.0,
    50.0,
    4.0,
    60.0,
    30.0,
    90.0,
    70.0,
    60.0,
    310.0,
    38.0,
    30.0,
    62.0,
    90.0,
    180.0,
    200.0,
    174.0,
    300.0,
    260.0,
    300.0,
    310.0,
    300.0,
    0.0,
    310.0,
    3.0,
    320.0,
    230.0,
    341.0,
    90.0,
    250.0,
    335.0,
    338.0,
    170.0,
    22.0,
    352.0,
    290.0,
    320.0,
    24.0,
    340.0,
    235.0,
    32.0,
    300.0,
    260.0,
    200.0,
    220.0,
    270.0,
    130.0,
    260.0,
    310.0,
    70.0,
    220.0,
    270.0,
    351.0,
    280.0,
    280.0,
    340.0,
    330.0,
    350.0,
    10.0,
    200.0,
    310.0,
    190.0,
    100.0,
    120.0,
    160.0,
    120.0,
    68.0,
    65.0,
    290.0,
    300.0,
    61.0,
    300.0,
    37.0,
    56.0,
    150.0,
    50.0,
    140.0,
    60.0,
    170.0,
    10.0,
    290.0,
    30.0,
    73.0,
    40.0,
    20.0,
    310.0,
    10.0,
    250.0,
    260.0,
    260.0,
    274.0,
    230.0,
    270.0,
    250.0,
    260.0,
    250.0,
    250.0,
    250.0,
    270.0,
    250.0,
    340.0,
    360.0,
    349.0,
    30.0,
    290.0,
    350.0,
    341.0,
    340.0,
    240.0,
    290.0,
    280.0,
    290.0,
    270.0,
    280.0,
    300.0,
    290.0,
    360.0,
    338.0,
    20.0,
    20.0,
    10.0,
    10.0,
    30.0,
    60.0,
    333.0,
    360.0,
    320.0,
    331.0,
    310.0,
    310.0,
    260.0,
    270.0,
    250.0,
    250.0,
    260.0,
    260.0,
    270.0,
    280.0,
    290.0,
    260.0,
    300.0,
    340.0,
    360.0,
    40.0,
    360.0,
    10.0,
    70.0,
    360.0,
    30.0,
    20.0,
    50.0,
    20.0,
    360.0,
    10.0,
    10.0,
    120.0,
    20.0,
    210.0,
    190.0,
    110.0,
    90.0,
    130.0,
    29.0,
    290.0,
    20.0,
    290.0,
    30.0,
    30.0,
    30.0,
    350.0,
    360.0,
    10.0,
    280.0,
    310.0,
    320.0,
    300.0,
    340.0,
    350.0,
    180.0,
    290.0,
    220.0,
    300.0,
    340.0,
    310.0,
    320.0,
    310.0,
    330.0,
    60.0,
    330.0,
    340.0,
    20.0,
    20.0,
    360.0,
    20.0,
    210.0,
    10.0,
    20.0,
    20.0,
    20.0,
    360.0,
    360.0,
    360.0,
    360.0,
    50.0,
    360.0,
    270.0,
    250.0,
    230.0,
    20.0,
    350.0,
    340.0,
    340.0,
    360.0,
    20.0,
    10.0,
    20.0,
    360.0,
    360.0,
    10.0,
    340.0,
    290.0,
    300.0,
    350.0,
    330.0,
    300.0,
    290.0,
    290.0,
    290.0,
    280.0,
    280.0,
    280.0,
    300.0,
    310.0,
    320.0,
    310.0,
    320.0,
    330.0,
    40.0,
    20.0,
    10.0,
    360.0,
    20.0,
    360.0,
    10.0,
    360.0,
    10.0,
    40.0,
    20.0,
    20.0,
    30.0,
    20.0,
    20.0,
    210.0,
    210.0,
    240.0,
    290.0,
    240.0,
    230.0,
    300.0,
    293.0,
    320.0,
    40.0,
    20.0,
    30.0,
    30.0,
    20.0,
    30.0,
    30.0,
    20.0,
    20.0,
    10.0,
    10.0,
    20.0,
    10.0,
    10.0,
    10.0,
    353.0,
    230.0,
    250.0,
    210.0,
    220.0,
    190.0,
    190.0,
    186.0,
    30.0,
    52.0,
    20.0,
    20.0,
    20.0,
    10.0,
    10.0,
    20.0,
    20.0,
    20.0,
    20.0,
    360.0,
    30.0,
    20.0,
    360.0,
    80.0,
    230.0,
    250.0,
    280.0,
    290.0,
    210.0,
    200.0,
    180.0,
    345.0,
    70.0,
    20.0,
    40.0,
    40.0,
    20.0,
    10.0,
    10.0,
    10.0,
    20.0,
    20.0,
    20.0,
    20.0,
    20.0,
    10.0,
    10.0,
    30.0,
    120.0,
    150.0,
    180.0,
    160.0,
    140.0,
    140.0,
    130.0,
    70.0,
    20.0,
    40.0,
    10.0,
    20.0,
    20.0,
    20.0,
    20.0,
    20.0,
    10.0,
    20.0,
    10.0,
    40.0,
    10.0,
    20.0,
    20.0,
    10.0,
    2.0,
    348.0,
    220.0,
    220.0,
    210.0,
    230.0,
    230.0,
    330.0,
    20.0,
    30.0,
    20.0,
    30.0,
    10.0,
    20.0
  ]
}
